[0.004s] demo_file_and_filter.py:17 (set) x = 10
[0.004s] demo_file_and_filter.py:18 (set) y = 20
[0.008s] demo_file_and_filter.py:19 sum is 30
[0.014s] demo_file_and_filter.py:50 (set) y = 50
[0.014s] demo_file_and_filter.py:62 (set) foo.x = 10
[0.014s] demo_file_and_filter.py:75 (set) dijkstra.distances = {'A': inf, 'B': inf, 'C': inf, 'D': inf}
[0.014s] demo_file_and_filter.py:76 (change) dijkstra.distances.A = 0
[0.014s] demo_file_and_filter.py:78 (set) dijkstra.queue = [(0, 'A')]
[0.014s] demo_file_and_filter.py:81 (change) dijkstra.queue.pop(0) -> (0, 'A') | []
[0.014s] demo_file_and_filter.py:87 (change) dijkstra.distances.B = 1
[0.014s] demo_file_and_filter.py:88 (change) dijkstra.queue.append((1, 'B')) -> [(1, 'B')]
[0.014s] demo_file_and_filter.py:87 (change) dijkstra.distances.C = 4
[0.014s] demo_file_and_filter.py:88 (change) dijkstra.queue.append((4, 'C')) -> [(1, 'B'), (4, 'C')]
[0.015s] demo_file_and_filter.py:90 (change) dijkstra.queue.sort() -> [(1, 'B'), (4, 'C')]
[0.015s] demo_file_and_filter.py:81 (change) dijkstra.queue.pop(0) -> (1, 'B') | [(4, 'C')]
[0.015s] demo_file_and_filter.py:87 (change) dijkstra.distances.C = 3
[0.015s] demo_file_and_filter.py:88 (change) dijkstra.queue.append((3, 'C')) -> [(4, 'C'), (3, 'C')]
[0.015s] demo_file_and_filter.py:87 (change) dijkstra.distances.D = 6
[0.015s] demo_file_and_filter.py:88 (change) dijkstra.queue.append((6, 'D')) -> [(4, 'C'), (3, 'C'), (6, 'D')]
[0.015s] demo_file_and_filter.py:90 (change) dijkstra.queue.sort() -> [(3, 'C'), (4, 'C'), (6, 'D')]
[0.015s] demo_file_and_filter.py:81 (change) dijkstra.queue.pop(0) -> (3, 'C') | [(4, 'C'), (6, 'D')]
[0.015s] demo_file_and_filter.py:87 (change) dijkstra.distances.D = 4
[0.015s] demo_file_and_filter.py:88 (change) dijkstra.queue.append((4, 'D')) -> [(4, 'C'), (6, 'D'), (4, 'D')]
[0.015s] demo_file_and_filter.py:90 (change) dijkstra.queue.sort() -> [(4, 'C'), (4, 'D'), (6, 'D')]
[0.015s] demo_file_and_filter.py:81 (change) dijkstra.queue.pop(0) -> (4, 'C') | [(4, 'D'), (6, 'D')]
[0.016s] demo_file_and_filter.py:90 (change) dijkstra.queue.sort() -> [(4, 'D'), (6, 'D')]
[0.016s] demo_file_and_filter.py:81 (change) dijkstra.queue.pop(0) -> (4, 'D') | [(6, 'D')]
[0.016s] demo_file_and_filter.py:90 (change) dijkstra.queue.sort() -> [(6, 'D')]
[0.016s] demo_file_and_filter.py:81 (change) dijkstra.queue.pop(0) -> (6, 'D') | []
[0.016s] demo_file_and_filter.py:90 (change) dijkstra.queue.sort() -> []
[0.016s] demo_file_and_filter.py:105 (change) process.queue.append(1) -> [1]
[0.016s] demo_file_and_filter.py:106 (change) process.queue.append(2) -> [1, 2]
[0.016s] demo_file_and_filter.py:107 (change) process.queue.pop(0) -> 1 | [2]
[0.016s] demo_file_and_filter.py:117 (set) compute.x = 5
